2 0.5607407407407408 0.5491358024691358
4 0.43456790123456795 0.5491358024691358
